2026-08-16 18:54:22 - INFO - HV000001: Hibernate Validator 9.0.1.Final
2026-08-16 18:54:22 - INFO - Starting WebChecker2Application using Java 25 with PID 27032 (C:\Users\PC\IdeaProjects\WebChecker_2\target\classes started by PC in C:\Users\PC\IdeaProjects\WebChecker_2)
2026-08-16 18:54:22 - INFO - No active profile set, falling back to 1 default profile: "default"
2026-08-16 18:54:22 - INFO - Devtools property defaults active! Set 'spring.devtools.add-properties' to 'false' to disable
2026-08-16 18:54:22 - INFO - For additional web related logging consider setting the 'logging.level.web' property to 'DEBUG'
2026-08-16 18:54:23 - INFO - Bootstrapping Spring Data JPA repositories in DEFAULT mode.
2026-08-16 18:54:23 - INFO - Finished Spring Data repository scanning in 54 ms. Found 2 JPA repository interfaces.
2026-08-16 18:54:23 - INFO - Tomcat initialized with port 8080 (http)
2026-08-16 18:54:23 - INFO - Initializing ProtocolHandler ["http-nio-8080"]
2026-08-16 18:54:23 - INFO - Starting service [Tomcat]
2026-08-16 18:54:23 - INFO - Starting Servlet engine: [Apache Tomcat/11.0.21]
2026-08-16 18:54:23 - INFO - Root WebApplicationContext: initialization completed in 1439 ms
2026-08-16 18:54:24 - INFO - HHH008540: Processing PersistenceUnitInfo [name: default]
2026-08-16 18:54:24 - INFO - HHH000001: Hibernate ORM core version 7.2.12.Final
2026-08-16 18:54:24 - INFO - No LoadTimeWeaver setup: ignoring JPA class transformer
2026-08-16 18:54:24 - INFO - HikariPool-1 - Starting...
2026-08-16 18:54:25 - INFO - HikariPool-1 - Added connection com.mysql.cj.jdbc.ConnectionImpl@7876155d
2026-08-16 18:54:25 - INFO - HikariPool-1 - Start completed.
2026-08-16 18:54:25 - INFO - HHH10001005: Database info:
	Database JDBC URL [jdbc:mysql://localhost:3306/webchecker_2db]
	Database driver: MySQL Connector/J
	Database dialect: MySQLDialect
	Database version: 8.0.45
	Default catalog/schema: webchecker_2db/undefined
	Autocommit mode: undefined/unknown
	Isolation level: REPEATABLE_READ [default REPEATABLE_READ]
	JDBC fetch size: none
	Pool: DataSourceConnectionProvider
	Minimum pool size: undefined/unknown
	Maximum pool size: undefined/unknown
2026-08-16 18:54:26 - INFO - HHH000489: No JTA platform available (set 'hibernate.transaction.jta.platform' to enable JTA platform integration)
2026-08-16 18:54:26 - INFO - Initialized JPA EntityManagerFactory for persistence unit 'default'
2026-08-16 18:54:26 - INFO - Hibernate is in classpath; If applicable, HQL parser will be used.
2026-08-16 18:54:27 - WARN - spring.jpa.open-in-view is enabled by default. Therefore, database queries may be performed during view rendering. Explicitly configure spring.jpa.open-in-view to disable this warning
2026-08-16 18:54:27 - INFO - Starting ProtocolHandler ["http-nio-8080"]
2026-08-16 18:54:27 - INFO - Tomcat started on port 8080 (http) with context path '/'
2026-08-16 18:54:27 - INFO - Started WebChecker2Application in 6.098 seconds (process running for 7.287)
2026-08-16 18:54:50 - INFO - Commencing graceful shutdown. Waiting for active requests to complete
2026-08-16 18:54:50 - INFO - Graceful shutdown complete
2026-08-16 18:54:50 - INFO - Closing JPA EntityManagerFactory for persistence unit 'default'
2026-08-16 18:54:50 - INFO - HikariPool-1 - Shutdown initiated...
2026-08-16 18:54:50 - INFO - HikariPool-1 - Shutdown completed.
2026-08-16 18:56:20 - INFO - HV000001: Hibernate Validator 9.0.1.Final
2026-08-16 18:56:20 - INFO - Starting WebChecker2Application using Java 25 with PID 12664 (C:\Users\PC\IdeaProjects\WebChecker_2\target\classes started by PC in C:\Users\PC\IdeaProjects\WebChecker_2)
2026-08-16 18:56:20 - INFO - No active profile set, falling back to 1 default profile: "default"
2026-08-16 18:56:20 - INFO - Devtools property defaults active! Set 'spring.devtools.add-properties' to 'false' to disable
2026-08-16 18:56:20 - INFO - For additional web related logging consider setting the 'logging.level.web' property to 'DEBUG'
2026-08-16 18:56:21 - INFO - Bootstrapping Spring Data JPA repositories in DEFAULT mode.
2026-08-16 18:56:21 - INFO - Finished Spring Data repository scanning in 47 ms. Found 2 JPA repository interfaces.
2026-08-16 18:56:22 - INFO - Tomcat initialized with port 8080 (http)
2026-08-16 18:56:22 - INFO - Initializing ProtocolHandler ["http-nio-8080"]
2026-08-16 18:56:22 - INFO - Starting service [Tomcat]
2026-08-16 18:56:22 - INFO - Starting Servlet engine: [Apache Tomcat/11.0.21]
2026-08-16 18:56:22 - INFO - Root WebApplicationContext: initialization completed in 1235 ms
2026-08-16 18:56:22 - INFO - HHH008540: Processing PersistenceUnitInfo [name: default]
2026-08-16 18:56:22 - INFO - HHH000001: Hibernate ORM core version 7.2.12.Final
2026-08-16 18:56:22 - INFO - No LoadTimeWeaver setup: ignoring JPA class transformer
2026-08-16 18:56:22 - INFO - HikariPool-1 - Starting...
2026-08-16 18:56:23 - INFO - HikariPool-1 - Added connection com.mysql.cj.jdbc.ConnectionImpl@2dfd1aa2
2026-08-16 18:56:23 - INFO - HikariPool-1 - Start completed.
2026-08-16 18:56:23 - INFO - HHH10001005: Database info:
	Database JDBC URL [jdbc:mysql://localhost:3306/webchecker_2db]
	Database driver: MySQL Connector/J
	Database dialect: MySQLDialect
	Database version: 8.0.45
	Default catalog/schema: webchecker_2db/undefined
	Autocommit mode: undefined/unknown
	Isolation level: REPEATABLE_READ [default REPEATABLE_READ]
	JDBC fetch size: none
	Pool: DataSourceConnectionProvider
	Minimum pool size: undefined/unknown
	Maximum pool size: undefined/unknown
2026-08-16 18:56:24 - INFO - HHH000489: No JTA platform available (set 'hibernate.transaction.jta.platform' to enable JTA platform integration)
2026-08-16 18:56:24 - INFO - Initialized JPA EntityManagerFactory for persistence unit 'default'
2026-08-16 18:56:24 - INFO - Hibernate is in classpath; If applicable, HQL parser will be used.
2026-08-16 18:56:24 - WARN - spring.jpa.open-in-view is enabled by default. Therefore, database queries may be performed during view rendering. Explicitly configure spring.jpa.open-in-view to disable this warning
2026-08-16 18:56:24 - INFO - Starting ProtocolHandler ["http-nio-8080"]
2026-08-16 18:56:24 - INFO - Tomcat started on port 8080 (http) with context path '/'
2026-08-16 18:56:24 - INFO - Started WebChecker2Application in 4.439 seconds (process running for 5.227)
2026-08-16 18:58:47 - INFO - Commencing graceful shutdown. Waiting for active requests to complete
2026-08-16 18:58:47 - INFO - Graceful shutdown complete
2026-08-16 18:58:47 - INFO - Closing JPA EntityManagerFactory for persistence unit 'default'
2026-08-16 18:58:47 - INFO - HikariPool-1 - Shutdown initiated...
2026-08-16 18:58:47 - INFO - HikariPool-1 - Shutdown completed.
2026-08-16 18:58:50 - INFO - HV000001: Hibernate Validator 9.0.1.Final
2026-08-16 18:58:50 - INFO - Starting WebChecker2Application using Java 25 with PID 17144 (C:\Users\PC\IdeaProjects\WebChecker_2\target\classes started by PC in C:\Users\PC\IdeaProjects\WebChecker_2)
2026-08-16 18:58:50 - INFO - No active profile set, falling back to 1 default profile: "default"
2026-08-16 18:58:50 - INFO - Devtools property defaults active! Set 'spring.devtools.add-properties' to 'false' to disable
2026-08-16 18:58:50 - INFO - For additional web related logging consider setting the 'logging.level.web' property to 'DEBUG'
2026-08-16 18:58:50 - INFO - Bootstrapping Spring Data JPA repositories in DEFAULT mode.
2026-08-16 18:58:51 - INFO - Finished Spring Data repository scanning in 50 ms. Found 2 JPA repository interfaces.
2026-08-16 18:58:51 - INFO - Tomcat initialized with port 8080 (http)
2026-08-16 18:58:51 - INFO - Initializing ProtocolHandler ["http-nio-8080"]
2026-08-16 18:58:51 - INFO - Starting service [Tomcat]
2026-08-16 18:58:51 - INFO - Starting Servlet engine: [Apache Tomcat/11.0.21]
2026-08-16 18:58:51 - INFO - Root WebApplicationContext: initialization completed in 1190 ms
2026-08-16 18:58:51 - INFO - HHH008540: Processing PersistenceUnitInfo [name: default]
2026-08-16 18:58:51 - INFO - HHH000001: Hibernate ORM core version 7.2.12.Final
2026-08-16 18:58:52 - INFO - No LoadTimeWeaver setup: ignoring JPA class transformer
2026-08-16 18:58:52 - INFO - HikariPool-1 - Starting...
2026-08-16 18:58:52 - INFO - HikariPool-1 - Added connection com.mysql.cj.jdbc.ConnectionImpl@3f3e9185
2026-08-16 18:58:52 - INFO - HikariPool-1 - Start completed.
2026-08-16 18:58:52 - INFO - HHH10001005: Database info:
	Database JDBC URL [jdbc:mysql://localhost:3306/webchecker_2db]
	Database driver: MySQL Connector/J
	Database dialect: MySQLDialect
	Database version: 8.0.45
	Default catalog/schema: webchecker_2db/undefined
	Autocommit mode: undefined/unknown
	Isolation level: REPEATABLE_READ [default REPEATABLE_READ]
	JDBC fetch size: none
	Pool: DataSourceConnectionProvider
	Minimum pool size: undefined/unknown
	Maximum pool size: undefined/unknown
2026-08-16 18:58:53 - INFO - HHH000489: No JTA platform available (set 'hibernate.transaction.jta.platform' to enable JTA platform integration)
2026-08-16 18:58:53 - INFO - Initialized JPA EntityManagerFactory for persistence unit 'default'
2026-08-16 18:58:53 - INFO - Hibernate is in classpath; If applicable, HQL parser will be used.
2026-08-16 18:58:54 - WARN - spring.jpa.open-in-view is enabled by default. Therefore, database queries may be performed during view rendering. Explicitly configure spring.jpa.open-in-view to disable this warning
2026-08-16 18:58:54 - INFO - Starting ProtocolHandler ["http-nio-8080"]
2026-08-16 18:58:54 - INFO - Tomcat started on port 8080 (http) with context path '/'
2026-08-16 18:58:54 - INFO - Started WebChecker2Application in 4.55 seconds (process running for 5.554)
2026-08-16 18:59:57 - INFO - Commencing graceful shutdown. Waiting for active requests to complete
2026-08-16 18:59:57 - INFO - Graceful shutdown complete
2026-08-16 18:59:57 - INFO - Closing JPA EntityManagerFactory for persistence unit 'default'
2026-08-16 18:59:57 - INFO - HikariPool-1 - Shutdown initiated...
2026-08-16 18:59:57 - INFO - HikariPool-1 - Shutdown completed.
2026-08-16 19:00:00 - INFO - HV000001: Hibernate Validator 9.0.1.Final
2026-08-16 19:00:00 - INFO - Starting WebChecker2Application using Java 25 with PID 26180 (C:\Users\PC\IdeaProjects\WebChecker_2\target\classes started by PC in C:\Users\PC\IdeaProjects\WebChecker_2)
2026-08-16 19:00:00 - INFO - No active profile set, falling back to 1 default profile: "default"
2026-08-16 19:00:00 - INFO - Devtools property defaults active! Set 'spring.devtools.add-properties' to 'false' to disable
2026-08-16 19:00:00 - INFO - For additional web related logging consider setting the 'logging.level.web' property to 'DEBUG'
2026-08-16 19:00:01 - INFO - Bootstrapping Spring Data JPA repositories in DEFAULT mode.
2026-08-16 19:00:01 - INFO - Finished Spring Data repository scanning in 51 ms. Found 2 JPA repository interfaces.
2026-08-16 19:00:02 - INFO - Tomcat initialized with port 8080 (http)
2026-08-16 19:00:02 - INFO - Initializing ProtocolHandler ["http-nio-8080"]
2026-08-16 19:00:02 - INFO - Starting service [Tomcat]
2026-08-16 19:00:02 - INFO - Starting Servlet engine: [Apache Tomcat/11.0.21]
2026-08-16 19:00:02 - INFO - Root WebApplicationContext: initialization completed in 1251 ms
2026-08-16 19:00:02 - INFO - HHH008540: Processing PersistenceUnitInfo [name: default]
2026-08-16 19:00:02 - INFO - HHH000001: Hibernate ORM core version 7.2.12.Final
2026-08-16 19:00:02 - INFO - No LoadTimeWeaver setup: ignoring JPA class transformer
2026-08-16 19:00:02 - INFO - HikariPool-1 - Starting...
2026-08-16 19:00:03 - INFO - HikariPool-1 - Added connection com.mysql.cj.jdbc.ConnectionImpl@2dfd1aa2
2026-08-16 19:00:03 - INFO - HikariPool-1 - Start completed.
2026-08-16 19:00:03 - INFO - HHH10001005: Database info:
	Database JDBC URL [jdbc:mysql://localhost:3306/webchecker_2db]
	Database driver: MySQL Connector/J
	Database dialect: MySQLDialect
	Database version: 8.0.45
	Default catalog/schema: webchecker_2db/undefined
	Autocommit mode: undefined/unknown
	Isolation level: REPEATABLE_READ [default REPEATABLE_READ]
	JDBC fetch size: none
	Pool: DataSourceConnectionProvider
	Minimum pool size: undefined/unknown
	Maximum pool size: undefined/unknown
2026-08-16 19:00:04 - INFO - HHH000489: No JTA platform available (set 'hibernate.transaction.jta.platform' to enable JTA platform integration)
2026-08-16 19:00:04 - INFO - Initialized JPA EntityManagerFactory for persistence unit 'default'
2026-08-16 19:00:04 - INFO - Hibernate is in classpath; If applicable, HQL parser will be used.
2026-08-16 19:00:04 - WARN - spring.jpa.open-in-view is enabled by default. Therefore, database queries may be performed during view rendering. Explicitly configure spring.jpa.open-in-view to disable this warning
2026-08-16 19:00:05 - INFO - Starting ProtocolHandler ["http-nio-8080"]
2026-08-16 19:00:05 - INFO - Tomcat started on port 8080 (http) with context path '/'
2026-08-16 19:00:05 - INFO - Started WebChecker2Application in 4.718 seconds (process running for 5.583)
2026-08-16 19:00:55 - INFO - Initializing Spring DispatcherServlet 'dispatcherServlet'
2026-08-16 19:00:55 - INFO - Initializing Servlet 'dispatcherServlet'
2026-08-16 19:00:55 - INFO - Completed initialization in 1 ms
2026-08-16 19:02:02 - INFO - Commencing graceful shutdown. Waiting for active requests to complete
2026-08-16 19:02:02 - INFO - Graceful shutdown complete
2026-08-16 19:02:02 - INFO - Closing JPA EntityManagerFactory for persistence unit 'default'
2026-08-16 19:02:02 - INFO - HikariPool-1 - Shutdown initiated...
2026-08-16 19:02:02 - INFO - HikariPool-1 - Shutdown completed.
2026-08-16 19:02:22 - INFO - HV000001: Hibernate Validator 9.0.1.Final
2026-08-16 19:02:22 - INFO - Starting WebChecker2Application using Java 25 with PID 8620 (C:\Users\PC\IdeaProjects\WebChecker_2\target\classes started by PC in C:\Users\PC\IdeaProjects\WebChecker_2)
2026-08-16 19:02:22 - INFO - No active profile set, falling back to 1 default profile: "default"
2026-08-16 19:02:23 - INFO - Devtools property defaults active! Set 'spring.devtools.add-properties' to 'false' to disable
2026-08-16 19:02:23 - INFO - For additional web related logging consider setting the 'logging.level.web' property to 'DEBUG'
2026-08-16 19:02:23 - INFO - Bootstrapping Spring Data JPA repositories in DEFAULT mode.
2026-08-16 19:02:23 - INFO - Finished Spring Data repository scanning in 48 ms. Found 2 JPA repository interfaces.
2026-08-16 19:02:24 - INFO - Tomcat initialized with port 8080 (http)
2026-08-16 19:02:24 - INFO - Initializing ProtocolHandler ["http-nio-8080"]
2026-08-16 19:02:24 - INFO - Starting service [Tomcat]
2026-08-16 19:02:24 - INFO - Starting Servlet engine: [Apache Tomcat/11.0.21]
2026-08-16 19:02:24 - INFO - Root WebApplicationContext: initialization completed in 1225 ms
2026-08-16 19:02:24 - INFO - HHH008540: Processing PersistenceUnitInfo [name: default]
2026-08-16 19:02:24 - INFO - HHH000001: Hibernate ORM core version 7.2.12.Final
2026-08-16 19:02:24 - INFO - No LoadTimeWeaver setup: ignoring JPA class transformer
2026-08-16 19:02:24 - INFO - HikariPool-1 - Starting...
2026-08-16 19:02:25 - INFO - HikariPool-1 - Added connection com.mysql.cj.jdbc.ConnectionImpl@3a322971
2026-08-16 19:02:25 - INFO - HikariPool-1 - Start completed.
2026-08-16 19:02:25 - INFO - HHH10001005: Database info:
	Database JDBC URL [jdbc:mysql://localhost:3306/webchecker_2db]
	Database driver: MySQL Connector/J
	Database dialect: MySQLDialect
	Database version: 8.0.45
	Default catalog/schema: webchecker_2db/undefined
	Autocommit mode: undefined/unknown
	Isolation level: REPEATABLE_READ [default REPEATABLE_READ]
	JDBC fetch size: none
	Pool: DataSourceConnectionProvider
	Minimum pool size: undefined/unknown
	Maximum pool size: undefined/unknown
2026-08-16 19:02:26 - INFO - HHH000489: No JTA platform available (set 'hibernate.transaction.jta.platform' to enable JTA platform integration)
2026-08-16 19:02:26 - INFO - Initialized JPA EntityManagerFactory for persistence unit 'default'
2026-08-16 19:02:26 - INFO - Hibernate is in classpath; If applicable, HQL parser will be used.
2026-08-16 19:02:26 - WARN - spring.jpa.open-in-view is enabled by default. Therefore, database queries may be performed during view rendering. Explicitly configure spring.jpa.open-in-view to disable this warning
2026-08-16 19:02:27 - INFO - Starting ProtocolHandler ["http-nio-8080"]
2026-08-16 19:02:27 - INFO - Tomcat started on port 8080 (http) with context path '/'
2026-08-16 19:02:27 - INFO - Started WebChecker2Application in 4.662 seconds (process running for 5.497)
2026-08-16 19:02:32 - INFO - Initializing Spring DispatcherServlet 'dispatcherServlet'
2026-08-16 19:02:32 - INFO - Initializing Servlet 'dispatcherServlet'
2026-08-16 19:02:32 - INFO - Completed initialization in 2 ms
2026-08-16 19:05:58 - INFO - Commencing graceful shutdown. Waiting for active requests to complete
2026-08-16 19:05:58 - INFO - Graceful shutdown complete
2026-08-16 19:05:58 - INFO - Closing JPA EntityManagerFactory for persistence unit 'default'
2026-08-16 19:05:58 - INFO - HikariPool-1 - Shutdown initiated...
2026-08-16 19:05:58 - INFO - HikariPool-1 - Shutdown completed.
2026-08-16 19:06:00 - INFO - HV000001: Hibernate Validator 9.0.1.Final
2026-08-16 19:06:00 - INFO - Starting WebChecker2Application using Java 25 with PID 26676 (C:\Users\PC\IdeaProjects\WebChecker_2\target\classes started by PC in C:\Users\PC\IdeaProjects\WebChecker_2)
2026-08-16 19:06:00 - INFO - No active profile set, falling back to 1 default profile: "default"
2026-08-16 19:06:00 - INFO - Devtools property defaults active! Set 'spring.devtools.add-properties' to 'false' to disable
2026-08-16 19:06:00 - INFO - For additional web related logging consider setting the 'logging.level.web' property to 'DEBUG'
2026-08-16 19:06:01 - INFO - Bootstrapping Spring Data JPA repositories in DEFAULT mode.
2026-08-16 19:06:01 - INFO - Finished Spring Data repository scanning in 48 ms. Found 2 JPA repository interfaces.
2026-08-16 19:06:02 - INFO - Tomcat initialized with port 8080 (http)
2026-08-16 19:06:02 - INFO - Initializing ProtocolHandler ["http-nio-8080"]
2026-08-16 19:06:02 - INFO - Starting service [Tomcat]
2026-08-16 19:06:02 - INFO - Starting Servlet engine: [Apache Tomcat/11.0.21]
2026-08-16 19:06:02 - INFO - Root WebApplicationContext: initialization completed in 1225 ms
2026-08-16 19:06:02 - INFO - HHH008540: Processing PersistenceUnitInfo [name: default]
2026-08-16 19:06:02 - INFO - HHH000001: Hibernate ORM core version 7.2.12.Final
2026-08-16 19:06:02 - INFO - No LoadTimeWeaver setup: ignoring JPA class transformer
2026-08-16 19:06:02 - INFO - HikariPool-1 - Starting...
2026-08-16 19:06:03 - INFO - HikariPool-1 - Added connection com.mysql.cj.jdbc.ConnectionImpl@5996f1ee
2026-08-16 19:06:03 - INFO - HikariPool-1 - Start completed.
2026-08-16 19:06:03 - INFO - HHH10001005: Database info:
	Database JDBC URL [jdbc:mysql://localhost:3306/webchecker_2db]
	Database driver: MySQL Connector/J
	Database dialect: MySQLDialect
	Database version: 8.0.45
	Default catalog/schema: webchecker_2db/undefined
	Autocommit mode: undefined/unknown
	Isolation level: REPEATABLE_READ [default REPEATABLE_READ]
	JDBC fetch size: none
	Pool: DataSourceConnectionProvider
	Minimum pool size: undefined/unknown
	Maximum pool size: undefined/unknown
2026-08-16 19:06:04 - INFO - HHH000489: No JTA platform available (set 'hibernate.transaction.jta.platform' to enable JTA platform integration)
2026-08-16 19:06:04 - INFO - Initialized JPA EntityManagerFactory for persistence unit 'default'
2026-08-16 19:06:04 - INFO - Hibernate is in classpath; If applicable, HQL parser will be used.
2026-08-16 19:06:04 - WARN - spring.jpa.open-in-view is enabled by default. Therefore, database queries may be performed during view rendering. Explicitly configure spring.jpa.open-in-view to disable this warning
2026-08-16 19:06:04 - INFO - Adding welcome page: class path resource [static/index.html]
2026-08-16 19:06:05 - INFO - Starting ProtocolHandler ["http-nio-8080"]
2026-08-16 19:06:05 - INFO - Tomcat started on port 8080 (http) with context path '/'
2026-08-16 19:06:05 - INFO - Started WebChecker2Application in 4.911 seconds (process running for 5.852)
2026-08-16 19:06:16 - INFO - Initializing Spring DispatcherServlet 'dispatcherServlet'
2026-08-16 19:06:16 - INFO - Initializing Servlet 'dispatcherServlet'
2026-08-16 19:06:16 - INFO - Completed initialization in 1 ms
2026-08-16 19:07:53 - INFO - Commencing graceful shutdown. Waiting for active requests to complete
2026-08-16 19:07:53 - INFO - Graceful shutdown complete
2026-08-16 19:07:53 - INFO - Closing JPA EntityManagerFactory for persistence unit 'default'
2026-08-16 19:07:53 - INFO - HikariPool-1 - Shutdown initiated...
2026-08-16 19:07:53 - INFO - HikariPool-1 - Shutdown completed.
2026-08-16 19:07:55 - INFO - HV000001: Hibernate Validator 9.0.1.Final
2026-08-16 19:07:55 - INFO - Starting WebChecker2Application using Java 25 with PID 21720 (C:\Users\PC\IdeaProjects\WebChecker_2\target\classes started by PC in C:\Users\PC\IdeaProjects\WebChecker_2)
2026-08-16 19:07:55 - INFO - No active profile set, falling back to 1 default profile: "default"
2026-08-16 19:07:55 - INFO - Devtools property defaults active! Set 'spring.devtools.add-properties' to 'false' to disable
2026-08-16 19:07:55 - INFO - For additional web related logging consider setting the 'logging.level.web' property to 'DEBUG'
2026-08-16 19:07:56 - INFO - Bootstrapping Spring Data JPA repositories in DEFAULT mode.
2026-08-16 19:07:56 - INFO - Finished Spring Data repository scanning in 50 ms. Found 2 JPA repository interfaces.
2026-08-16 19:07:56 - INFO - Tomcat initialized with port 8080 (http)
2026-08-16 19:07:56 - INFO - Initializing ProtocolHandler ["http-nio-8080"]
2026-08-16 19:07:56 - INFO - Starting service [Tomcat]
2026-08-16 19:07:56 - INFO - Starting Servlet engine: [Apache Tomcat/11.0.21]
2026-08-16 19:07:56 - INFO - Root WebApplicationContext: initialization completed in 1262 ms
2026-08-16 19:07:56 - INFO - HHH008540: Processing PersistenceUnitInfo [name: default]
2026-08-16 19:07:57 - INFO - HHH000001: Hibernate ORM core version 7.2.12.Final
2026-08-16 19:07:57 - INFO - No LoadTimeWeaver setup: ignoring JPA class transformer
2026-08-16 19:07:57 - INFO - HikariPool-1 - Starting...
2026-08-16 19:07:57 - INFO - HikariPool-1 - Added connection com.mysql.cj.jdbc.ConnectionImpl@2dfd1aa2
2026-08-16 19:07:57 - INFO - HikariPool-1 - Start completed.
2026-08-16 19:07:57 - INFO - HHH10001005: Database info:
	Database JDBC URL [jdbc:mysql://localhost:3306/webchecker_2db]
	Database driver: MySQL Connector/J
	Database dialect: MySQLDialect
	Database version: 8.0.45
	Default catalog/schema: webchecker_2db/undefined
	Autocommit mode: undefined/unknown
	Isolation level: REPEATABLE_READ [default REPEATABLE_READ]
	JDBC fetch size: none
	Pool: DataSourceConnectionProvider
	Minimum pool size: undefined/unknown
	Maximum pool size: undefined/unknown
2026-08-16 19:07:58 - INFO - HHH000489: No JTA platform available (set 'hibernate.transaction.jta.platform' to enable JTA platform integration)
2026-08-16 19:07:58 - INFO - Initialized JPA EntityManagerFactory for persistence unit 'default'
2026-08-16 19:07:58 - INFO - Hibernate is in classpath; If applicable, HQL parser will be used.
2026-08-16 19:07:59 - WARN - spring.jpa.open-in-view is enabled by default. Therefore, database queries may be performed during view rendering. Explicitly configure spring.jpa.open-in-view to disable this warning
2026-08-16 19:07:59 - INFO - Adding welcome page: class path resource [static/index.html]
2026-08-16 19:07:59 - INFO - Starting ProtocolHandler ["http-nio-8080"]
2026-08-16 19:07:59 - INFO - Tomcat started on port 8080 (http) with context path '/'
2026-08-16 19:07:59 - INFO - Started WebChecker2Application in 4.55 seconds (process running for 5.419)
2026-08-16 19:08:08 - INFO - Initializing Spring DispatcherServlet 'dispatcherServlet'
2026-08-16 19:08:08 - INFO - Initializing Servlet 'dispatcherServlet'
2026-08-16 19:08:08 - INFO - Completed initialization in 1 ms
2026-08-16 19:13:44 - INFO - Commencing graceful shutdown. Waiting for active requests to complete
2026-08-16 19:13:44 - INFO - Graceful shutdown complete
2026-08-16 19:13:44 - INFO - Closing JPA EntityManagerFactory for persistence unit 'default'
2026-08-16 19:13:44 - INFO - HikariPool-1 - Shutdown initiated...
2026-08-16 19:13:44 - INFO - HikariPool-1 - Shutdown completed.
2026-08-16 19:14:54 - INFO - HV000001: Hibernate Validator 9.0.1.Final
2026-08-16 19:14:54 - INFO - Starting WebChecker2Application using Java 25 with PID 19484 (C:\Users\PC\IdeaProjects\WebChecker_2\target\classes started by PC in C:\Users\PC\IdeaProjects\WebChecker_2)
2026-08-16 19:14:54 - INFO - No active profile set, falling back to 1 default profile: "default"
2026-08-16 19:14:54 - INFO - Devtools property defaults active! Set 'spring.devtools.add-properties' to 'false' to disable
2026-08-16 19:14:54 - INFO - For additional web related logging consider setting the 'logging.level.web' property to 'DEBUG'
2026-08-16 19:14:55 - INFO - Bootstrapping Spring Data JPA repositories in DEFAULT mode.
2026-08-16 19:14:55 - INFO - Finished Spring Data repository scanning in 46 ms. Found 2 JPA repository interfaces.
2026-08-16 19:14:55 - INFO - Tomcat initialized with port 8080 (http)
2026-08-16 19:14:55 - INFO - Initializing ProtocolHandler ["http-nio-8080"]
2026-08-16 19:14:55 - INFO - Starting service [Tomcat]
2026-08-16 19:14:55 - INFO - Starting Servlet engine: [Apache Tomcat/11.0.21]
2026-08-16 19:14:55 - INFO - Root WebApplicationContext: initialization completed in 1208 ms
2026-08-16 19:14:55 - INFO - HHH008540: Processing PersistenceUnitInfo [name: default]
2026-08-16 19:14:55 - INFO - HHH000001: Hibernate ORM core version 7.2.12.Final
2026-08-16 19:14:56 - INFO - No LoadTimeWeaver setup: ignoring JPA class transformer
2026-08-16 19:14:56 - INFO - HikariPool-1 - Starting...
2026-08-16 19:14:56 - INFO - HikariPool-1 - Added connection com.mysql.cj.jdbc.ConnectionImpl@745274ea
2026-08-16 19:14:56 - INFO - HikariPool-1 - Start completed.
2026-08-16 19:14:56 - INFO - HHH10001005: Database info:
	Database JDBC URL [jdbc:mysql://localhost:3306/webchecker_2db]
	Database driver: MySQL Connector/J
	Database dialect: MySQLDialect
	Database version: 8.0.45
	Default catalog/schema: webchecker_2db/undefined
	Autocommit mode: undefined/unknown
	Isolation level: REPEATABLE_READ [default REPEATABLE_READ]
	JDBC fetch size: none
	Pool: DataSourceConnectionProvider
	Minimum pool size: undefined/unknown
	Maximum pool size: undefined/unknown
2026-08-16 19:14:57 - INFO - HHH000489: No JTA platform available (set 'hibernate.transaction.jta.platform' to enable JTA platform integration)
2026-08-16 19:14:57 - INFO - Initialized JPA EntityManagerFactory for persistence unit 'default'
2026-08-16 19:14:57 - INFO - Hibernate is in classpath; If applicable, HQL parser will be used.
2026-08-16 19:14:58 - WARN - spring.jpa.open-in-view is enabled by default. Therefore, database queries may be performed during view rendering. Explicitly configure spring.jpa.open-in-view to disable this warning
2026-08-16 19:14:58 - INFO - Adding welcome page: class path resource [static/index.html]
2026-08-16 19:14:58 - INFO - Starting ProtocolHandler ["http-nio-8080"]
2026-08-16 19:14:58 - INFO - Tomcat started on port 8080 (http) with context path '/'
2026-08-16 19:14:58 - INFO - Started WebChecker2Application in 4.65 seconds (process running for 5.642)
2026-08-16 19:15:08 - INFO - Initializing Spring DispatcherServlet 'dispatcherServlet'
2026-08-16 19:15:08 - INFO - Initializing Servlet 'dispatcherServlet'
2026-08-16 19:15:08 - INFO - Completed initialization in 2 ms
2026-08-16 19:19:30 - INFO - Commencing graceful shutdown. Waiting for active requests to complete
2026-08-16 19:19:30 - INFO - Graceful shutdown complete
2026-08-16 19:19:30 - INFO - Closing JPA EntityManagerFactory for persistence unit 'default'
2026-08-16 19:19:30 - INFO - HikariPool-1 - Shutdown initiated...
2026-08-16 19:19:30 - INFO - HikariPool-1 - Shutdown completed.
